// Jest Snapshot v1, https://goo.gl/fbAQLP

exports[`<BarChart> snapshot renders horizontal bar graph 1`] = `
<div
  style={
    Object {
      "height": "100%",
      "width": "100%",
    }
  }
/>
`;

exports[`<BarChart> snapshot renders vertical bar graph 1`] = `
<div
  style={
    Object {
      "height": "100%",
      "width": "100%",
    }
  }
/>
`;
