// Jest Snapshot v1, https://goo.gl/fbAQLP

exports[`<HeatmapGraph> snapshot renders correctly 1`] = `
<div
  style={
    Object {
      "height": 120,
      "width": "100%",
    }
  }
>
  <div
    style={
      Object {
        "height": "100%",
        "width": "100%",
      }
    }
  />
</div>
`;
